\BOOKMARK [1][-]{section.1}{\376\377\213\276\213\241\173\200\116\313}{}% 1
\BOOKMARK [1][-]{section.2}{\376\377\213\276\213\241\145\271\150\110}{}% 2
\BOOKMARK [2][-]{subsection.2.1}{\376\377\140\073\117\123\213\276\213\241\140\035\215\357}{section.2}% 3
\BOOKMARK [3][-]{subsubsection.2.1.1}{\376\377\143\007\116\344\133\236\163\260}{subsection.2.1}% 4
\BOOKMARK [3][-]{subsubsection.2.1.2}{\376\377\000C\000S\000R\000\040\133\236\163\260}{subsection.2.1}% 5
\BOOKMARK [3][-]{subsubsection.2.1.3}{\376\377\117\213\131\026\116\016\116\055\145\255}{subsection.2.1}% 6
\BOOKMARK [3][-]{subsubsection.2.1.4}{\376\377\127\060\127\100\177\373\213\321\152\041\137\017}{subsection.2.1}% 7
\BOOKMARK [2][-]{subsection.2.2}{\376\377\122\115\172\357\213\276\213\241}{section.2}% 8
\BOOKMARK [3][-]{subsubsection.2.2.1}{\376\377\122\006\145\057\230\204\155\113\126\150}{subsection.2.2}% 9
\BOOKMARK [3][-]{subsubsection.2.2.2}{\376\377\123\326\143\007\166\356\150\007\226\037\122\027\000\040\000F\000T\000Q}{subsection.2.2}% 10
\BOOKMARK [3][-]{subsubsection.2.2.3}{\376\377\000I\000F\000U\000\040\116\016\123\326\143\007\155\101\154\064}{subsection.2.2}% 11
\BOOKMARK [2][-]{subsection.2.3}{\376\377\143\007\116\344\177\023\121\262\377\010\000I\000B\377\011\152\041\127\127\213\276\213\241}{section.2}% 12
\BOOKMARK [2][-]{subsection.2.4}{\376\377\124\016\172\357\213\276\213\241}{section.2}% 13
\BOOKMARK [3][-]{subsubsection.2.4.1}{\376\377\213\321\170\001\116\016\221\315\124\175\124\015}{subsection.2.4}% 14
\BOOKMARK [3][-]{subsubsection.2.4.2}{\376\377\122\006\123\321\116\016\117\335\165\131\172\331}{subsection.2.4}% 15
\BOOKMARK [3][-]{subsubsection.2.4.3}{\376\377\142\147\210\114\123\125\121\103}{subsection.2.4}% 16
\BOOKMARK [3][-]{subsubsection.2.4.4}{\376\377\000R\000O\000B\000\040\116\016\143\320\116\244}{subsection.2.4}% 17
\BOOKMARK [3][-]{subsubsection.2.4.5}{\376\377\176\337\116\000\121\262\122\067\116\016\174\276\170\156\117\213\131\026}{subsection.2.4}% 18
\BOOKMARK [2][-]{subsection.2.5}{\376\377\000A\000X\000I\000\040\000L\000i\000n\000e\000\040\000B\000r\000i\000d\000g\000e}{section.2}% 19
\BOOKMARK [2][-]{subsection.2.6}{\376\377\000C\000a\000c\000h\000e\000\040\116\016\213\277\133\130\134\102\153\041}{section.2}% 20
\BOOKMARK [3][-]{subsubsection.2.6.1}{\376\377\116\000\176\247\143\007\116\344\177\023\133\130}{subsection.2.6}% 21
\BOOKMARK [3][-]{subsubsection.2.6.2}{\376\377\116\000\176\247\145\160\143\156\177\023\133\130}{subsection.2.6}% 22
\BOOKMARK [3][-]{subsubsection.2.6.3}{\376\377\176\337\116\000\116\214\176\247\177\023\133\130}{subsection.2.6}% 23
\BOOKMARK [3][-]{subsubsection.2.6.4}{\376\377\000S\000T\000Q\000\040\116\016\000\040\000S\000t\000o\000r\000e\000\040\000B\000u\000f\000f\000e\000r}{subsection.2.6}% 24
\BOOKMARK [2][-]{subsection.2.7}{\376\377\127\060\127\100\177\373\213\321\213\276\213\241}{section.2}% 25
\BOOKMARK [3][-]{subsubsection.2.7.1}{\376\377\000M\000M\000U\000\040\152\041\127\127}{subsection.2.7}% 26
\BOOKMARK [3][-]{subsubsection.2.7.2}{\376\377\116\073\000\040\000T\000L\000B\000\040\116\016\137\256\000\040\000T\000L\000B}{subsection.2.7}% 27
\BOOKMARK [2][-]{subsection.2.8}{\376\377\000S\000o\000C\000\040\213\276\213\241}{section.2}% 28
\BOOKMARK [3][-]{subsubsection.2.8.1}{\376\377\116\222\217\336\060\001\145\366\224\237\116\016\131\015\117\115}{subsection.2.8}% 29
\BOOKMARK [3][-]{subsubsection.2.8.2}{\376\377\127\060\127\100\122\006\221\115}{subsection.2.8}% 30
\BOOKMARK [3][-]{subsubsection.2.8.3}{\376\377\131\026\213\276\116\016\116\055\145\255}{subsection.2.8}% 31
\BOOKMARK [2][-]{subsection.2.9}{\376\377\000U\000-\000B\000o\000o\000t\000\040\124\057\122\250\217\157\116\366}{section.2}% 32
\BOOKMARK [3][-]{subsubsection.2.9.1}{\376\377\147\177\176\247\220\002\221\115}{subsection.2.9}% 33
\BOOKMARK [3][-]{subsubsection.2.9.2}{\376\377\000T\000F\000T\000P\000\040\124\057\122\250\000\040\000L\000i\000n\000u\000x}{subsection.2.9}% 34
\BOOKMARK [2][-]{subsection.2.10}{\376\377\000L\000i\000n\000u\000x\000\040\174\373\176\337}{section.2}% 35
\BOOKMARK [3][-]{subsubsection.2.10.1}{\376\377\000G\000U\000I\134\125\171\072}{subsection.2.10}% 36
\BOOKMARK [3][-]{subsubsection.2.10.2}{\376\377\217\157\116\366\165\037\140\001}{subsection.2.10}% 37
\BOOKMARK [1][-]{section.3}{\376\377\213\276\213\241\176\323\147\234}{}% 38
\BOOKMARK [2][-]{subsection.3.1}{\376\377\213\276\213\241\116\244\116\330\162\151}{section.3}% 39
\BOOKMARK [2][-]{subsection.3.2}{\376\377\000C\000P\000U\000\040\122\237\200\375\116\016\140\047\200\375\176\323\147\234}{section.3}% 40
\BOOKMARK [2][-]{subsection.3.3}{\376\377\000l\000i\000n\000u\000x\124\057\122\250}{section.3}% 41
\BOOKMARK [1][-]{section.4}{\376\377\123\302\200\003\213\276\213\241\213\364\146\016}{}% 42
\BOOKMARK [1][-]{section.5}{\376\377\123\302\200\003\145\207\163\056}{}% 43
