\BOOKMARK [1][-]{section.1}{\376\377\213\276\213\241\173\200\116\313}{}% 1
\BOOKMARK [1][-]{section.2}{\376\377\213\276\213\241\145\271\150\110}{}% 2
\BOOKMARK [2][-]{subsection.2.1}{\376\377\140\073\117\123\213\276\213\241\140\035\215\357}{section.2}% 3
\BOOKMARK [3][-]{subsubsection.2.1.1}{\376\377\143\007\116\344\133\236\163\260}{subsection.2.1}% 4
\BOOKMARK [3][-]{subsubsection.2.1.2}{\376\377\000C\000S\000R\000\040\133\236\163\260}{subsection.2.1}% 5
\BOOKMARK [3][-]{subsubsection.2.1.3}{\376\377\117\213\131\026\116\016\116\055\145\255}{subsection.2.1}% 6
\BOOKMARK [3][-]{subsubsection.2.1.4}{\376\377\127\060\127\100\177\373\213\321\152\041\137\017}{subsection.2.1}% 7
\BOOKMARK [2][-]{subsection.2.2}{\376\377\122\115\172\357\213\276\213\241}{section.2}% 8
\BOOKMARK [3][-]{subsubsection.2.2.1}{\376\377\122\006\145\057\230\204\155\113\126\150}{subsection.2.2}% 9
\BOOKMARK [3][-]{subsubsection.2.2.2}{\376\377\123\326\143\007\166\356\150\007\226\037\122\027\000\040\000F\000T\000Q}{subsection.2.2}% 10
\BOOKMARK [3][-]{subsubsection.2.2.3}{\376\377\123\326\143\007\116\344\123\125\121\103\116\016\123\326\143\007\155\101\154\064}{subsection.2.2}% 11
\BOOKMARK [2][-]{subsection.2.3}{\376\377\143\007\116\344\177\023\121\262\377\010\000I\000B\377\011\152\041\127\127\213\276\213\241}{section.2}% 12
\BOOKMARK [2][-]{subsection.2.4}{\376\377\124\016\172\357\213\276\213\241}{section.2}% 13
\BOOKMARK [3][-]{subsubsection.2.4.1}{\376\377\213\321\170\001\152\041\127\127\213\276\213\241\377\010\000I\000D\377\011}{subsection.2.4}% 14
\BOOKMARK [3][-]{subsubsection.2.4.2}{\376\377\221\315\124\175\124\015\146\040\134\004\210\150\377\010\000R\000A\000T\377\011\116\016\221\315\124\175\124\015\176\247\377\010\000R\000A\377\011}{subsection.2.4}% 15
\BOOKMARK [3][-]{subsubsection.2.4.3}{\376\377\122\006\123\321\116\016\117\335\165\131\172\331\123\321\134\004\377\010\000D\000i\000s\000p\000a\000t\000c\000h\000\040\000/\000\040\000R\000S\377\011}{subsection.2.4}% 16
\BOOKMARK [3][-]{subsubsection.2.4.4}{\376\377\142\147\210\114\152\041\127\127\213\276\213\241\377\010\000E\000X\000E\377\011}{subsection.2.4}% 17
\BOOKMARK [3][-]{subsubsection.2.4.5}{\376\377\221\315\143\222\136\217\177\023\133\130\377\010\000R\000O\000B\377\011}{subsection.2.4}% 18
\BOOKMARK [3][-]{subsubsection.2.4.6}{\376\377\143\320\116\244\152\041\127\127\213\276\213\241\377\010\000C\000O\000M\000M\000I\000T\377\011\116\016\121\262\122\067}{subsection.2.4}% 19
\BOOKMARK [2][-]{subsection.2.5}{\376\377\217\154\143\245\150\145\152\041\127\127\377\010\000A\000X\000I\000\040\000L\000i\000n\000e\000\040\000B\000r\000i\000d\000g\000e\377\011}{section.2}% 20
\BOOKMARK [2][-]{subsection.2.6}{\376\377\000C\000a\000c\000h\000e\000\040\116\016\213\277\133\130\134\102\153\041\213\276\213\241}{section.2}% 21
\BOOKMARK [3][-]{subsubsection.2.6.1}{\376\377\116\000\176\247\143\007\116\344\177\023\133\130\377\010\000I\000C\000a\000c\000h\000e\377\011}{subsection.2.6}% 22
\BOOKMARK [3][-]{subsubsection.2.6.2}{\376\377\116\000\176\247\145\160\143\156\177\023\133\130\377\010\000D\000C\000a\000c\000h\000e\377\011}{subsection.2.6}% 23
\BOOKMARK [3][-]{subsubsection.2.6.3}{\376\377\116\214\176\247\176\337\116\000\177\023\133\130\377\010\000L\0002\377\011}{subsection.2.6}% 24
\BOOKMARK [3][-]{subsubsection.2.6.4}{\376\377\000S\000T\000Q\000\040\116\016\000\040\000S\000t\000o\000r\000e\000\040\000B\000u\000f\000f\000e\000r}{subsection.2.6}% 25
\BOOKMARK [2][-]{subsection.2.7}{\376\377\127\060\127\100\177\373\213\321\213\276\213\241}{section.2}% 26
\BOOKMARK [3][-]{subsubsection.2.7.1}{\376\377\000M\000M\000U\000\040\152\041\127\127}{subsection.2.7}% 27
\BOOKMARK [3][-]{subsubsection.2.7.2}{\376\377\000T\000L\000B\000\040\116\016\137\256\000\040\000T\000L\000B}{subsection.2.7}% 28
\BOOKMARK [1][-]{section.3}{\376\377\213\276\213\241\176\323\147\234}{}% 29
\BOOKMARK [2][-]{subsection.3.1}{\376\377\213\276\213\241\116\244\116\330\162\151\213\364\146\016}{section.3}% 30
\BOOKMARK [2][-]{subsection.3.2}{\376\377\213\276\213\241\157\024\171\072\176\323\147\234}{section.3}% 31
\BOOKMARK [1][-]{section.4}{\376\377\123\302\200\003\213\276\213\241\213\364\146\016}{}% 32
\BOOKMARK [1][-]{section.5}{\376\377\123\302\200\003\145\207\163\056}{}% 33
